// 重构日志: 038724b8
// 重构日志: 5b73d68d
// 重构日志: 53dbda4d
// 同步 ID: 7c6a22fd @ Sat Jul 18 06:39:13 UTC 2026
// 同步 ID: 93b247c1 @ Sat Jul 18 09:52:43 UTC 2026
// 同步 ID: f04e0f70 @ Sat Jul 18 10:48:57 UTC 2026
// 同步 ID: e8302da1 @ Sat Jul 18 13:00:57 UTC 2026
// 同步 ID: 398fbe7c @ Sat Jul 18 22:25:11 UTC 2026
// 同步 ID: c4e5e716 @ Sun Jul 19 15:53:53 UTC 2026
// 同步 ID: b3d83123 @ Mon Jul 20 19:08:47 UTC 2026
// 同步 ID: 5fb9293c @ Tue Jul 21 06:54:50 UTC 2026
// 重构日志: fdb08a6f
// 重构日志: 2f43bff4
// 重构日志: f2bfca27
// 同步 ID: 9777be42 @ Thu Jul 23 17:05:57 UTC 2026
// 重构日志: 2e79e084
// 重构日志: fc7c5be1
// 同步 ID: e6638eed @ Fri Jul 24 04:37:54 UTC 2026
// 重构日志: ad61a857
// 重构日志: 185488b6
// 重构日志: 91a26d7d
// 重构日志: 32b89756
// 同步 ID: 33be4ab9 @ Sun Jul 26 12:07:08 UTC 2026
// 同步 ID: 8ed1dcfd @ Mon Jul 27 00:50:20 UTC 2026
// 重构日志: f615792f
// 同步 ID: 3a243a45 @ Tue Jul 28 15:38:16 UTC 2026
// 同步 ID: 3ddaec8a @ Wed Jul 29 00:56:00 UTC 2026
// 同步 ID: f897a91d @ Wed Jul 29 04:22:58 UTC 2026
// 重构日志: c9f95ccc
// 同步 ID: 39f18f36 @ Wed Jul 29 12:49:22 UTC 2026
// 重构日志: 8fbb25aa
